// Jest Snapshot v1, https://goo.gl/fbAQLP

exports[`EmptyComponent Jest Tests EmptyComponent Snapshot tests should render the correct snapshot 1`] = `
<DocumentFragment>
  <div
    data-testid="empty-component"
  >
    <div>
      Sorry, no matching records found.
    </div>
    <div />
  </div>
</DocumentFragment>
`;
