// Jest Snapshot v1, https://goo.gl/fbAQLP

exports[`DetailsTableView component renders correctly and matches snapshot 1`] = `
<DocumentFragment>
  <div
    class="MuiStack-root css-1sazv7p-MuiStack-root"
    data-tour="dashboard-7"
  >
    <div
      class="MuiStack-root css-nen11g-MuiStack-root"
    >
      <div
        class="MuiStack-root css-15k8blk-MuiStack-root"
      >
        <h5
          class="MuiTypography-root MuiTypography-h5 css-6fn2ox-MuiTypography-root"
        >
          Invoice Details
        </h5>
        <h6
          class="MuiTypography-root MuiTypography-subtitle2 css-1ypmsg6-MuiTypography-root"
        >
          Summary view
        </h6>
        <div
          class="MuiBox-root css-56sg73"
        />
      </div>
    </div>
    <div
      data-testid="mock-table"
    >
      Mock Table (1 rows)
    </div>
  </div>
</DocumentFragment>
`;
