// Jest Snapshot v1, https://goo.gl/fbAQLP

exports[`ItemTypeFreqChart renders correctly and matches snapshot 1`] = `
<DocumentFragment>
  <div
    class="MuiStack-root css-nen11g-MuiStack-root"
    data-tour="dashboard-6"
  >
    <div
      data-testid="row-header"
    >
      <h1>
        Item Types
      </h1>
      <p>
        Frequency overview
      </p>
    </div>
    <div>
      <div>
        Sorry, no matching records found.
      </div>
      <div />
    </div>
  </div>
</DocumentFragment>
`;
