// Vitest Snapshot v1, https://vitest.dev/guide/snapshot.html

exports[`RecieverInfo component snapshot tests > renders correctly and matches snapshot 1`] = `
<DocumentFragment>
  <div
    class="MuiContainer-root MuiContainer-maxWidthMd css-12n4y2z-MuiContainer-root"
    data-tour="reciever-0"
  >
    <div
      class="MuiStack-root css-1jbxis-MuiStack-root"
    >
      <div
        class="MuiStack-root css-nen11g-MuiStack-root"
      >
        <h5
          class="MuiTypography-root MuiTypography-h5 css-pljev2-MuiTypography-root"
        >
          Receiver Information
        </h5>
        <h6
          class="MuiTypography-root MuiTypography-subtitle2 css-1ypmsg6-MuiTypography-root"
        >
          Required fields are marked with an *
        </h6>
      </div>
      <div
        class="MuiStack-root css-2bof0u-MuiStack-root"
      >
        <div
          class="no-print MuiBox-root css-0"
        >
          <div
            class="MuiFormControl-root css-12ue2ez-MuiFormControl-root"
          >
            <label
              class="MuiFormLabel-root MuiInputLabel-root MuiInputLabel-formControl MuiInputLabel-animated MuiInputLabel-sizeSmall MuiInputLabel-standard MuiFormLabel-colorPrimary MuiInputLabel-root MuiInputLabel-formControl MuiInputLabel-animated MuiInputLabel-sizeSmall MuiInputLabel-standard css-1pr9nav-MuiFormLabel-root-MuiInputLabel-root"
              data-shrink="false"
              id="selected-property-label-id"
            >
              <h6
                class="MuiTypography-root MuiTypography-subtitle2 css-1ypmsg6-MuiTypography-root"
              >
                Select Invoice
              </h6>
            </label>
            <div
              class="MuiInputBase-root MuiInput-root MuiInput-underline MuiInputBase-colorPrimary MuiInputBase-formControl MuiInputBase-sizeSmall MuiSelect-root css-yq0q1v-MuiInputBase-root-MuiInput-root-MuiSelect-root"
            >
              <div
                aria-expanded="false"
                aria-haspopup="listbox"
                aria-labelledby="selected-property-label-id selected-property-id"
                class="MuiSelect-select MuiSelect-standard MuiInputBase-input MuiInput-input MuiInputBase-inputSizeSmall css-4j3uur-MuiNativeSelect-root-MuiSelect-select-MuiInputBase-input-MuiInput-input"
                id="selected-property-id"
                role="combobox"
                tabindex="0"
              >
                <span
                  aria-hidden="true"
                  class="notranslate"
                >
                  ​
                </span>
              </div>
              <input
                aria-hidden="true"
                aria-invalid="false"
                class="MuiSelect-nativeInput css-j0riat-MuiSelect-nativeInput"
                tabindex="-1"
                value=""
              />
              <svg
                aria-hidden="true"
                class="MuiSvgIcon-root MuiSvgIcon-fontSizeMedium MuiSelect-icon MuiSelect-iconStandard css-ug7h84-MuiSvgIcon-root-MuiNativeSelect-root-MuiSelect-icon"
                data-testid="ArrowDropDownIcon"
                focusable="false"
                viewBox="0 0 24 24"
              >
                <path
                  d="M7 10l5 5 5-5z"
                />
              </svg>
            </div>
          </div>
        </div>
      </div>
    </div>
    <div
      class="MuiStack-root css-1ug9gnt-MuiStack-root"
    >
      <p
        class="MuiTypography-root MuiTypography-body1 css-m4t3jl-MuiTypography-root"
      >
        Sorry, no matching records found.
      </p>
      <div
        class="MuiStack-root css-nen11g-MuiStack-root"
      >
        <span
          class="MuiTypography-root MuiTypography-caption css-mpaqru-MuiTypography-root"
        >
          Select or create invoice to begin
        </span>
      </div>
    </div>
  </div>
</DocumentFragment>
`;
