// Jest Snapshot v1, https://goo.gl/fbAQLP

exports[`AddRentRecords Component Tests AddRentRecords Snapshot Tests matches AddRentRecords snapshot 1`] = `
<DocumentFragment>
  <form>
    <div
      class="MuiStack-root css-jfdv4h-MuiStack-root"
    >
      <div
        aria-orientation="horizontal"
        class="MuiDivider-root MuiDivider-fullWidth MuiDivider-withChildren css-1oljykh-MuiDivider-root"
        role="separator"
      >
        <span
          class="MuiDivider-wrapper css-1134oje-MuiDivider-wrapper"
        >
          <span
            class="MuiTypography-root MuiTypography-caption css-1jkzbat-MuiTypography-root"
          >
            Property Owner Information
          </span>
        </span>
      </div>
      <div
        class="MuiStack-root css-1wi0p3l-MuiStack-root"
      >
        <div
          data-testid="1"
        >
          <label>
            Owner First Name *
          </label>
          <input
            placeholder="First Name of your property owner"
            value="value"
          />
        </div>
        <div
          data-testid="1"
        >
          <label>
            Owner Last Name *
          </label>
          <input
            placeholder="Last Name of your property owner"
            value="value"
          />
        </div>
      </div>
      <div
        data-testid="1"
      >
        <label>
          Email Address *
        </label>
        <input
          placeholder="Email address of the property owner"
          value="value"
        />
      </div>
      <div
        aria-orientation="horizontal"
        class="MuiDivider-root MuiDivider-fullWidth MuiDivider-withChildren css-1oljykh-MuiDivider-root"
        role="separator"
      >
        <span
          class="MuiDivider-wrapper css-1134oje-MuiDivider-wrapper"
        >
          <span
            class="MuiTypography-root MuiTypography-caption css-1jkzbat-MuiTypography-root"
          >
            Tenant Information
          </span>
        </span>
      </div>
      <div
        class="MuiStack-root css-1wi0p3l-MuiStack-root"
      >
        <div
          data-testid="1"
        >
          <label>
            Tenant First Name *
          </label>
          <input
            placeholder="First Name of your primary tenant"
            value="value"
          />
        </div>
        <div
          data-testid="1"
        >
          <label>
            Tenant Last Name *
          </label>
          <input
            placeholder="Last Name of your primary tenant"
            value="value"
          />
        </div>
      </div>
      <div
        data-testid="1"
      >
        <label>
          Email Address *
        </label>
        <input
          placeholder="Email address of the primary tenant"
          value="value"
        />
      </div>
      <div
        aria-orientation="horizontal"
        class="MuiDivider-root MuiDivider-fullWidth MuiDivider-withChildren css-1oljykh-MuiDivider-root"
        role="separator"
      >
        <span
          class="MuiDivider-wrapper css-1134oje-MuiDivider-wrapper"
        >
          <span
            class="MuiTypography-root MuiTypography-caption css-1jkzbat-MuiTypography-root"
          >
            Rent Information
          </span>
        </span>
      </div>
      <div
        class="MuiStack-root css-1wi0p3l-MuiStack-root"
      >
        <div
          data-testid="1"
        >
          <label>
            Rent Amount *
          </label>
          <input
            placeholder="Rent Amount"
            value="value"
          />
        </div>
        <div
          data-testid="1"
        >
          <label>
            Payment Method *
          </label>
          <input
            placeholder="Payment Method"
            value="value"
          />
        </div>
      </div>
      <div
        class="MuiStack-root css-1wi0p3l-MuiStack-root"
      >
        <div
          class="MuiBox-root css-1rr4qq7"
        >
          <div
            class="MuiBox-root css-8atqhb"
          >
            <p
              class="MuiTypography-root MuiTypography-body2 css-fzryi2-MuiTypography-root"
            >
              Rent Month *
            </p>
            <div
              data-testid="mock-date-picker"
            />
          </div>
        </div>
        <div
          class="MuiBox-root css-1rr4qq7"
        >
          <div
            class="MuiBox-root css-8atqhb"
          >
            <p
              class="MuiTypography-root MuiTypography-body2 css-fzryi2-MuiTypography-root"
            >
              Rent paid date *
            </p>
            <div
              data-testid="mock-date-picker"
            />
          </div>
        </div>
      </div>
      <div
        class="MuiStack-root css-nen11g-MuiStack-root"
      >
        <div
          data-testid="1"
        >
          <label>
            Note
          </label>
          <textarea
            placeholder="Note in less than 300 characters"
            rows="5"
          >
            value
          </textarea>
        </div>
      </div>
      <button
        disabled=""
      >
        Create rent record
      </button>
    </div>
  </form>
  ,
</DocumentFragment>
`;
