// Jest Snapshot v1, https://goo.gl/fbAQLP

exports[`AddRentRecords Component Tests AddRentRecords Snapshot Tests matches AddRentRecords snapshot 1`] = `
<DocumentFragment>
  <form>
    <div
      class="MuiStack-root css-jfdv4h-MuiStack-root"
    >
      <div
        aria-orientation="horizontal"
        class="MuiDivider-root MuiDivider-fullWidth MuiDivider-withChildren css-1oljykh-MuiDivider-root"
        role="separator"
      >
        <span
          class="MuiDivider-wrapper css-1134oje-MuiDivider-wrapper"
        >
          <span
            class="MuiTypography-root MuiTypography-caption css-1jkzbat-MuiTypography-root"
          >
            Property Owner Information
          </span>
        </span>
      </div>
      <div
        class="MuiStack-root css-1wi0p3l-MuiStack-root"
      >
        <div
          data-testid="owner_first_name"
        >
          <label>
            Owner First Name *
          </label>
          <input
            placeholder="First Name of your property owner"
          />
        </div>
        <div
          data-testid="owner_last_name"
        >
          <label>
            Owner Last Name *
          </label>
          <input
            placeholder="Last Name of your property owner"
          />
        </div>
      </div>
      <div
        data-testid="email"
      >
        <label>
          Email Address *
        </label>
        <input
          placeholder="Email address of the property owner"
        />
      </div>
      <div
        aria-orientation="horizontal"
        class="MuiDivider-root MuiDivider-fullWidth MuiDivider-withChildren css-1oljykh-MuiDivider-root"
        role="separator"
      >
        <span
          class="MuiDivider-wrapper css-1134oje-MuiDivider-wrapper"
        >
          <span
            class="MuiTypography-root MuiTypography-caption css-1jkzbat-MuiTypography-root"
          >
            Tenant Information
          </span>
        </span>
      </div>
      <div
        class="MuiStack-root css-1wi0p3l-MuiStack-root"
      >
        <div
          data-testid="tenant_first_name"
        >
          <label>
            Tenant First Name *
          </label>
          <input
            placeholder="First Name of your primary tenant"
          />
        </div>
        <div
          data-testid="tenant_last_name"
        >
          <label>
            Tenant Last Name *
          </label>
          <input
            placeholder="Last Name of your primary tenant"
          />
        </div>
      </div>
      <div
        data-testid="tenant_email_address"
      >
        <label>
          Email Address *
        </label>
        <input
          placeholder="Email address of the primary tenant"
        />
      </div>
      <div
        aria-orientation="horizontal"
        class="MuiDivider-root MuiDivider-fullWidth MuiDivider-withChildren css-1oljykh-MuiDivider-root"
        role="separator"
      >
        <span
          class="MuiDivider-wrapper css-1134oje-MuiDivider-wrapper"
        >
          <span
            class="MuiTypography-root MuiTypography-caption css-1jkzbat-MuiTypography-root"
          >
            Rent Information
          </span>
        </span>
      </div>
      <div
        class="MuiStack-root css-1wi0p3l-MuiStack-root"
      >
        <div
          data-testid="rent_amount"
        >
          <label>
            Rent Amount *
          </label>
          <input
            placeholder="Rent Amount"
          />
        </div>
        <div
          data-testid="payment_method"
        >
          <label>
            Payment Method *
          </label>
          <input
            placeholder="Payment Method"
          />
        </div>
      </div>
      <div
        class="MuiStack-root css-1wi0p3l-MuiStack-root"
      >
        <div
          class="MuiBox-root css-1rr4qq7"
        >
          <div
            class="MuiBox-root css-8atqhb"
          >
            <p
              class="MuiTypography-root MuiTypography-body2 css-fzryi2-MuiTypography-root"
            >
              Rent Month *
            </p>
            <div
              class="MuiFormControl-root MuiFormControl-fullWidth MuiTextField-root css-xwn1oi-MuiFormControl-root-MuiTextField-root"
            >
              <div
                class="MuiInputBase-root MuiOutlinedInput-root MuiInputBase-colorPrimary MuiInputBase-fullWidth MuiInputBase-formControl MuiInputBase-sizeSmall MuiInputBase-adornedEnd Mui-readOnly MuiInputBase-readOnly css-1n04w30-MuiInputBase-root-MuiOutlinedInput-root"
              >
                <input
                  aria-invalid="false"
                  aria-label="Choose date"
                  autocomplete="off"
                  class="MuiInputBase-input MuiOutlinedInput-input MuiInputBase-inputSizeSmall MuiInputBase-inputAdornedEnd Mui-readOnly MuiInputBase-readOnly css-13meb6w-MuiInputBase-input-MuiOutlinedInput-input"
                  id=":r1:"
                  inputmode="text"
                  placeholder="MMMM YYYY"
                  readonly=""
                  type="text"
                  value=""
                />
                <fieldset
                  aria-hidden="true"
                  class="MuiOutlinedInput-notchedOutline css-18p5xg2-MuiNotchedOutlined-root-MuiOutlinedInput-notchedOutline"
                >
                  <legend
                    class="css-1nf2c5d-MuiNotchedOutlined-root"
                  >
                    <span
                      aria-hidden="true"
                      class="notranslate"
                    >
                      ​
                    </span>
                  </legend>
                </fieldset>
              </div>
            </div>
          </div>
        </div>
        <div
          class="MuiBox-root css-1rr4qq7"
        >
          <div
            class="MuiBox-root css-8atqhb"
          >
            <p
              class="MuiTypography-root MuiTypography-body2 css-fzryi2-MuiTypography-root"
            >
              Rent paid date *
            </p>
            <div
              class="MuiFormControl-root MuiFormControl-fullWidth MuiTextField-root css-xwn1oi-MuiFormControl-root-MuiTextField-root"
            >
              <div
                class="MuiInputBase-root MuiOutlinedInput-root MuiInputBase-colorPrimary MuiInputBase-fullWidth MuiInputBase-formControl MuiInputBase-sizeSmall MuiInputBase-adornedEnd Mui-readOnly MuiInputBase-readOnly css-1n04w30-MuiInputBase-root-MuiOutlinedInput-root"
              >
                <input
                  aria-invalid="false"
                  aria-label="Choose date"
                  autocomplete="off"
                  class="MuiInputBase-input MuiOutlinedInput-input MuiInputBase-inputSizeSmall MuiInputBase-inputAdornedEnd Mui-readOnly MuiInputBase-readOnly css-13meb6w-MuiInputBase-input-MuiOutlinedInput-input"
                  id=":r4:"
                  inputmode="text"
                  placeholder="MM/DD/YYYY"
                  readonly=""
                  type="text"
                  value=""
                />
                <fieldset
                  aria-hidden="true"
                  class="MuiOutlinedInput-notchedOutline css-18p5xg2-MuiNotchedOutlined-root-MuiOutlinedInput-notchedOutline"
                >
                  <legend
                    class="css-1nf2c5d-MuiNotchedOutlined-root"
                  >
                    <span
                      aria-hidden="true"
                      class="notranslate"
                    >
                      ​
                    </span>
                  </legend>
                </fieldset>
              </div>
            </div>
          </div>
        </div>
      </div>
      <div
        class="MuiStack-root css-nen11g-MuiStack-root"
      >
        <div
          data-testid="note"
        >
          <label>
            Note
          </label>
          <input
            placeholder="Note in less than 300 characters"
          />
        </div>
      </div>
      <button
        disabled=""
      >
        Create rent record
      </button>
    </div>
  </form>
  ,
</DocumentFragment>
`;
