// Jest Snapshot v1, https://goo.gl/fbAQLP

exports[`Esign Agreement Component tests snapshot tests matches snapshot when not connected 1`] = `
<DocumentFragment>
  <form>
    <div
      class="MuiStack-root css-1bmm1eq-MuiStack-root"
    >
      <label
        class="MuiFormControlLabel-root MuiFormControlLabel-labelPlacementEnd css-19opgx6-MuiFormControlLabel-root"
      >
        <span
          class="MuiButtonBase-root MuiCheckbox-root MuiCheckbox-colorPrimary MuiCheckbox-sizeMedium PrivateSwitchBase-root MuiCheckbox-root MuiCheckbox-colorPrimary MuiCheckbox-sizeMedium MuiCheckbox-root MuiCheckbox-colorPrimary MuiCheckbox-sizeMedium css-vuhw6e-MuiButtonBase-root-MuiSwitchBase-root-MuiCheckbox-root"
        >
          <input
            class="PrivateSwitchBase-input css-12xagqm-MuiSwitchBase-root"
            data-indeterminate="false"
            name="noComplianceDisclaimerAgreement"
            type="checkbox"
            value="false"
          />
          <svg
            aria-hidden="true"
            class="MuiSvgIcon-root MuiSvgIcon-fontSizeMedium css-1umw9bq-MuiSvgIcon-root"
            data-testid="CheckBoxOutlineBlankIcon"
            focusable="false"
            viewBox="0 0 24 24"
          >
            <path
              d="M19 5v14H5V5h14m0-2H5c-1.1 0-2 .9-2 2v14c0 1.1.9 2 2 2h14c1.1 0 2-.9 2-2V5c0-1.1-.9-2-2-2z"
            />
          </svg>
        </span>
        <span
          class="MuiTypography-root MuiTypography-caption css-mpaqru-MuiTypography-root"
        >
          The property owner, manager or broker is responsible for ensuring compliance with the Appropriate Property Code and Local Laws.
        </span>
      </label>
      <label
        class="MuiFormControlLabel-root MuiFormControlLabel-labelPlacementEnd css-19opgx6-MuiFormControlLabel-root"
      >
        <span
          class="MuiButtonBase-root MuiCheckbox-root MuiCheckbox-colorPrimary MuiCheckbox-sizeMedium PrivateSwitchBase-root MuiCheckbox-root MuiCheckbox-colorPrimary MuiCheckbox-sizeMedium MuiCheckbox-root MuiCheckbox-colorPrimary MuiCheckbox-sizeMedium css-vuhw6e-MuiButtonBase-root-MuiSwitchBase-root-MuiCheckbox-root"
        >
          <input
            class="PrivateSwitchBase-input css-12xagqm-MuiSwitchBase-root"
            data-indeterminate="false"
            name="noLegalAdviceDisclaimerAgreement"
            type="checkbox"
            value="false"
          />
          <svg
            aria-hidden="true"
            class="MuiSvgIcon-root MuiSvgIcon-fontSizeMedium css-1umw9bq-MuiSvgIcon-root"
            data-testid="CheckBoxOutlineBlankIcon"
            focusable="false"
            viewBox="0 0 24 24"
          >
            <path
              d="M19 5v14H5V5h14m0-2H5c-1.1 0-2 .9-2 2v14c0 1.1.9 2 2 2h14c1.1 0 2-.9 2-2V5c0-1.1-.9-2-2-2z"
            />
          </svg>
        </span>
        <span
          class="MuiTypography-root MuiTypography-caption css-mpaqru-MuiTypography-root"
        >
          The documents provided are not a substitute for professional legal advice and may not address all legal requirements applicable to your specific situation.
        </span>
      </label>
      <div
        class="MuiBox-root css-0"
      >
        <button
          starticon="[object Object]"
          sx="[object Object]"
          type="submit"
          variant="contained"
        >
          Link Esign
        </button>
      </div>
    </div>
  </form>
</DocumentFragment>
`;
