// Jest Snapshot v1, https://goo.gl/fbAQLP

exports[`PropertyDetails Jest Tests PropertyDetails Snapshot Tests renders correctly and matches snapshot 1`] = `
<DocumentFragment>
  <div
    class="MuiPaper-root MuiPaper-elevation MuiPaper-rounded MuiPaper-elevation1 MuiCard-root css-8ls9v2-MuiPaper-root-MuiCard-root"
    style="--Paper-shadow: 0px 2px 1px -1px rgba(0,0,0,0.2),0px 1px 1px 0px rgba(0,0,0,0.14),0px 1px 3px 0px rgba(0,0,0,0.12);"
  >
    <div
      data-testid="property-map"
    />
    <div
      class="MuiCardContent-root css-1lt5qva-MuiCardContent-root"
      data-tour="rental-5"
    >
      <div>
        Property Details
      </div>
      <div
        class="MuiStack-root css-1sazv7p-MuiStack-root"
      >
        <div
          class="MuiStack-root css-m69qwo-MuiStack-root"
        >
          <div
            class="MuiStack-root css-4vpst1-MuiStack-root"
          >
            <h4
              class="MuiTypography-root MuiTypography-h4 css-x9x05a-MuiTypography-root"
            >
              3
            </h4>
            <h6
              class="MuiTypography-root MuiTypography-subtitle2 css-1x0mq5c-MuiTypography-root"
            >
              Bedrooms
            </h6>
          </div>
          <div
            class="MuiStack-root css-4vpst1-MuiStack-root"
          >
            <h4
              class="MuiTypography-root MuiTypography-h4 css-x9x05a-MuiTypography-root"
            >
              2
            </h4>
            <h6
              class="MuiTypography-root MuiTypography-subtitle2 css-1x0mq5c-MuiTypography-root"
            >
              Bathrooms
            </h6>
          </div>
        </div>
        <div
          class="MuiStack-root css-m69qwo-MuiStack-root"
        >
          <div
            class="MuiStack-root css-4vpst1-MuiStack-root"
          >
            <div
              aria-label="Dec 14, 2025"
              class="MuiStack-root css-nen11g-MuiStack-root"
              data-mui-internal-clone-element="true"
            >
              <h6
                class="MuiTypography-root MuiTypography-subtitle2 css-1ypmsg6-MuiTypography-root"
              >
                12 14 2025
              </h6>
              <p
                class="MuiTypography-root MuiTypography-body2 css-1wle3ir-MuiTypography-root"
              >
                Created
              </p>
            </div>
          </div>
          <div
            class="MuiStack-root css-4vpst1-MuiStack-root"
          >
            <div
              aria-label="2025-12-14T14:00:44.243Z"
              class="MuiStack-root css-nen11g-MuiStack-root"
              data-mui-internal-clone-element="true"
            >
              <h6
                class="MuiTypography-root MuiTypography-subtitle2 css-1ypmsg6-MuiTypography-root"
              >
                a few seconds ago
              </h6>
              <p
                class="MuiTypography-root MuiTypography-body2 css-1wle3ir-MuiTypography-root"
              >
                Last Updated
              </p>
            </div>
          </div>
        </div>
      </div>
    </div>
  </div>
</DocumentFragment>
`;
