// Jest Snapshot v1, https://goo.gl/fbAQLP

exports[`PdfViewer snapshot 1`] = `
<DocumentFragment>
  <div
    class="MuiContainer-root MuiContainer-maxWidthMd css-u4uvlt-MuiContainer-root"
    data-tour="view-pdf-0"
  >
    <div>
      <div>
        Sorry, no invoice found to display
      </div>
      <div>
        Create new invoice from
      </div>
    </div>
  </div>
</DocumentFragment>
`;
